✔ [8707/8711] Built Sqrt6KissingBound.Analysis (7.1s)
✖ [8708/8711] Building Sqrt6KissingBound.CapFraction (4.8s)
trace: .> LEAN_PATH=/home/runner/work/sqrt6-kissing-bound/sqrt6-kissing-bound/.lake/packages/Cli/.lake/build/lib/lean:/home/runner/work/sqrt6-kissing-bound/sqrt6-kissing-bound/.lake/packages/batteries/.lake/build/lib/lean:/home/runner/work/sqrt6-kissing-bound/sqrt6-kissing-bound/.lake/packages/Qq/.lake/build/lib/lean:/home/runner/work/sqrt6-kissing-bound/sqrt6-kissing-bound/.lake/packages/aesop/.lake/build/lib/lean:/home/runner/work/sqrt6-kissing-bound/sqrt6-kissing-bound/.lake/packages/proofwidgets/.lake/build/lib/lean:/home/runner/work/sqrt6-kissing-bound/sqrt6-kissing-bound/.lake/packages/importGraph/.lake/build/lib/lean:/home/runner/work/sqrt6-kissing-bound/sqrt6-kissing-bound/.lake/packages/LeanSearchClient/.lake/build/lib/lean:/home/runner/work/sqrt6-kissing-bound/sqrt6-kissing-bound/.lake/packages/plausible/.lake/build/lib/lean:/home/runner/work/sqrt6-kissing-bound/sqrt6-kissing-bound/.lake/packages/mathlib/.lake/build/lib/lean:/home/runner/work/sqrt6-kissing-bound/sqrt6-kissing-bound/.lake/build/lib/lean /home/runner/.elan/toolchains/leanprover--lean4---v4.33.1/bin/lean /home/runner/work/sqrt6-kissing-bound/sqrt6-kissing-bound/Sqrt6KissingBound/CapFraction.lean -o /home/runner/work/sqrt6-kissing-bound/sqrt6-kissing-bound/.lake/build/lib/lean/Sqrt6KissingBound/CapFraction.olean -i /home/runner/work/sqrt6-kissing-bound/sqrt6-kissing-bound/.lake/build/lib/lean/Sqrt6KissingBound/CapFraction.ilean -c /home/runner/work/sqrt6-kissing-bound/sqrt6-kissing-bound/.lake/build/ir/Sqrt6KissingBound/CapFraction.c --setup /home/runner/work/sqrt6-kissing-bound/sqrt6-kissing-bound/.lake/build/ir/Sqrt6KissingBound/CapFraction.setup.json --json
error: Sqrt6KissingBound/CapFraction.lean:27:6: Tactic `rewrite` failed: motive is not type correct:
  fun _a => capDenominator _a = 4 / 3
Error: Application type mismatch: The argument
  Nat.instNeZeroSucc
has type
  NeZero (2 + 1)
but is expected to have type
  NeZero _a
in the application
  @Nat.instAtLeastTwoHAddOfNat _a Nat.instNeZeroSucc

Explanation: The rewrite tactic rewrites an expression 'e' using an equality 'a = b' by the following process. First, it looks for all 'a' in 'e'. Second, it tries to abstract these occurrences of 'a' to create a function 'm := fun _a => ...', called the *motive*, with the property that 'm a' is definitionally equal to 'e'. Third, we observe that 'congrArg' implies that 'm a = m b', which can be used with lemmas such as 'Eq.mpr' to change the goal. However, if 'e' depends on specific properties of 'a', then the motive 'm' might not typecheck.

Possible solutions: use rewrite's 'occs' configuration option to limit which occurrences are rewritten, or use 'simp' or 'conv' mode, which have strategies for certain kinds of dependencies (these tactics can handle proofs and 'Decidable' instances whose types depend on the rewritten term, and 'simp' can apply user-defined '@[congr]' theorems as well).

⊢ capDenominator 3 = 4 / 3
error: Sqrt6KissingBound/CapFraction.lean:30:55: unsolved goals
⊢ Real.pi / 6 / Real.pi = 6⁻¹
warning: Sqrt6KissingBound/CapFraction.lean:31:61: This simp argument is unused:
  Real.pi_ne_zero

Hint: Omit it from the simp argument list.
  [apply] simp [capFraction, capNumerator_zero, capDenominator_zero]

Note: This linter can be disabled with `set_option linter.unusedSimpArgs false`
info: Sqrt6KissingBound/CapFraction.lean:44:22: Try this:
  [apply] ring_nf
  
  The `ring` tactic failed to close the goal. Use `ring_nf` to obtain a normal form.
    
  Note that `ring` works primarily in *commutative* rings. If you have a noncommutative ring, abelian group or module, consider using `noncomm_ring`, `abel` or `module` instead.
error: Sqrt6KissingBound/CapFraction.lean:41:45: unsolved goals
m : ℕ
hm : ↑m + 1 ≠ 0
⊢ (1 / 2) ^ m * 2 ^ m * 60 = 60
warning: Sqrt6KissingBound/CapFraction.lean:61:29: this tactic is never executed

Note: This linter can be disabled with `set_option linter.unreachableTactic false`
warning: Sqrt6KissingBound/CapFraction.lean:67:29: this tactic is never executed

Note: This linter can be disabled with `set_option linter.unreachableTactic false`
warning: Sqrt6KissingBound/CapFraction.lean:61:29: Unused tactic linter: `ring` does nothing

Note: This linter can be disabled with `set_option linter.unusedTactic false`
warning: Sqrt6KissingBound/CapFraction.lean:67:29: Unused tactic linter: `ring` does nothing

Note: This linter can be disabled with `set_option linter.unusedTactic false`
warning: Sqrt6KissingBound/CapFraction.lean:87:38: this tactic is never executed

Note: This linter can be disabled with `set_option linter.unreachableTactic false`
warning: Sqrt6KissingBound/CapFraction.lean:87:38: Unused tactic linter: `ring` does nothing

Note: This linter can be disabled with `set_option linter.unusedTactic false`
error: Lean exited with code 1
✔ [8709/8711] Built Sqrt6KissingBound.Geometry (14s)
Some required targets logged failures:
- Sqrt6KissingBound.CapFraction
error: build failed
